02:05:04 **** Incremental Build of configuration Debug for project LAB1 ****
make -j8 all 
arm-none-eabi-gcc -o "LAB1.elf" @"objects.list"   -mcpu=cortex-m3 -T"D:\Sourcetree\LAB1\IDE_LAB1\STM32F103C6UX_FLASH.ld" --specs=nosys.specs -Wl,-Map="LAB1.map" -Wl,--gc-sections -static --specs=nano.specs -mfloat-abi=soft -mthumb -Wl,--start-group -lc -lm -Wl,--end-group
Finished building target: LAB1.elf
 
arm-none-eabi-size  LAB1.elf 
arm-none-eabi-objdump -h -S LAB1.elf  > "LAB1.list"
arm-none-eabi-objcopy  -O ihex LAB1.elf  "LAB1.hex"
   text	   data	    bss	    dec	    hex	filename
   4568	     12	   1572	   6152	   1808	LAB1.elf
Finished building: default.size.stdout
 
Finished building: LAB1.list
 
Finished building: LAB1.hex
 
